// Jest Snapshot v1, https://goo.gl/fbAQLP

exports[`Search renders correctly 1`] = `
<div
  className="search"
>
  <header>
    <h1>
      Bash's netflix Lounge
    </h1>
    <input
      onChange={[Function]}
      placeholder="Search"
      type="text"
      value=""
    />
  </header>
  <div>
    <div
      className="show-card sc-bdVaJa gYFnaI"
    >
      <img
        alt="Orange Is the New Black movie Poster"
        className="sc-bwzfXH cSKlVC"
        src="http://art.nflximg.net/673e9/b39fcc29b2ac668ee01343de9f21f611c8f673e9.jpg"
      />
      <div>
        <h3>
          Orange Is the New Black
        </h3>
        <h4>
          (
          it
          )
        </h4>
      </div>
    </div>
    <div
      className="show-card sc-bdVaJa gYFnaI"
    >
      <img
        alt="Orange Is the New Black movie Poster"
        className="sc-bwzfXH cSKlVC"
        src="http://art.nflximg.net/304d2/7da9da4ea90c6df7889b67137cb64737e65304d2.jpg"
      />
      <div>
        <h3>
          Orange Is the New Black
        </h3>
        <h4>
          (
          de
          )
        </h4>
      </div>
    </div>
    <div
      className="show-card sc-bdVaJa gYFnaI"
    >
      <img
        alt="Orange Is the New Black movie Poster"
        className="sc-bwzfXH cSKlVC"
        src="http://art.nflximg.net/06088/b9df699de43f73f2b55c8bb234f0395acc406088.jpg"
      />
      <div>
        <h3>
          Orange Is the New Black
        </h3>
        <h4>
          (
          fr-CA
          )
        </h4>
      </div>
    </div>
    <div
      className="show-card sc-bdVaJa gYFnaI"
    >
      <img
        alt="Orange Is the New Black movie Poster"
        className="sc-bwzfXH cSKlVC"
        src="http://art.nflximg.net/b1266/ae7a14082203cba99386efec85bf468c5cab1266.jpg"
      />
      <div>
        <h3>
          Orange Is the New Black
        </h3>
        <h4>
          (
          fr
          )
        </h4>
      </div>
    </div>
    <div
      className="show-card sc-bdVaJa gYFnaI"
    >
      <img
        alt="House of Cards movie Poster"
        className="sc-bwzfXH cSKlVC"
        src="http://art.nflximg.net/920d5/aa6acd66076eb1127521a3fff5dceddbbf7920d5.jpg"
      />
      <div>
        <h3>
          House of Cards
        </h3>
        <h4>
          (
          tr
          )
        </h4>
      </div>
    </div>
    <div
      className="show-card sc-bdVaJa gYFnaI"
    >
      <img
        alt="House of Cards movie Poster"
        className="sc-bwzfXH cSKlVC"
        src="http://art.nflximg.net/9f266/6216fd01988706ee545cf990e55a483620c9f266.jpg"
      />
      <div>
        <h3>
          House of Cards
        </h3>
        <h4>
          (
          ja
          )
        </h4>
      </div>
    </div>
    <div
      className="show-card sc-bdVaJa gYFnaI"
    >
      <img
        alt="Marco Polo movie Poster"
        className="sc-bwzfXH cSKlVC"
        src="http://art.nflximg.net/59e47/5692babf5acabf00db96c2142a0e5e802b959e47.jpg"
      />
      <div>
        <h3>
          Marco Polo
        </h3>
        <h4>
          (
          zh-Hant
          )
        </h4>
      </div>
    </div>
    <div
      className="show-card sc-bdVaJa gYFnaI"
    >
      <img
        alt="Marco Polo movie Poster"
        className="sc-bwzfXH cSKlVC"
        src="http://art.nflximg.net/c25de/96b80f803edc005c89d5573b12fbd510f78c25de.jpg"
      />
      <div>
        <h3>
          Marco Polo
        </h3>
        <h4>
          (
          ko
          )
        </h4>
      </div>
    </div>
    <div
      className="show-card sc-bdVaJa gYFnaI"
    >
      <img
        alt="Marco Polo movie Poster"
        className="sc-bwzfXH cSKlVC"
        src="http://art.nflximg.net/b227d/b882bd766be057e4c9b82987bc98c69d6c9b227d.jpg"
      />
      <div>
        <h3>
          Marco Polo
        </h3>
        <h4>
          (
          ja
          )
        </h4>
      </div>
    </div>
    <div
      className="show-card sc-bdVaJa gYFnaI"
    >
      <img
        alt="House of Cards movie Poster"
        className="sc-bwzfXH cSKlVC"
        src="http://art.nflximg.net/04d64/58483e8c626b59878e9218ca8b5aa7019d604d64.jpg"
      />
      <div>
        <h3>
          House of Cards
        </h3>
        <h4>
          (
          es-ES
          )
        </h4>
      </div>
    </div>
    <div
      className="show-card sc-bdVaJa gYFnaI"
    >
      <img
        alt="Orange Is the New Black movie Poster"
        className="sc-bwzfXH cSKlVC"
        src="http://art.nflximg.net/d35ce/5f051cd7facbd25530d6a5d06eff2b3996ad35ce.jpg"
      />
      <div>
        <h3>
          Orange Is the New Black
        </h3>
        <h4>
          (
          fi
          )
        </h4>
      </div>
    </div>
    <div
      className="show-card sc-bdVaJa gYFnaI"
    >
      <img
        alt="Lilyhammer movie Poster"
        className="sc-bwzfXH cSKlVC"
        src="http://art.nflximg.net/1ee4c/8982c5255dd6fc1d8c7df46abf96a8ba0261ee4c.jpg"
      />
      <div>
        <h3>
          Lilyhammer
        </h3>
        <h4>
          (
          es
          )
        </h4>
      </div>
    </div>
    <div
      className="show-card sc-bdVaJa gYFnaI"
    >
      <img
        alt="Orange Is the New Black movie Poster"
        className="sc-bwzfXH cSKlVC"
        src="http://art.nflximg.net/fe0f4/9b4bad9268383c4c4fe3a2264529b2463e6fe0f4.jpg"
      />
      <div>
        <h3>
          Orange Is the New Black
        </h3>
        <h4>
          (
          nl
          )
        </h4>
      </div>
    </div>
    <div
      className="show-card sc-bdVaJa gYFnaI"
    >
      <img
        alt="Lilyhammer movie Poster"
        className="sc-bwzfXH cSKlVC"
        src="http://art.nflximg.net/85c89/bab746ce292e10d9f57ac806fc20fb634b785c89.jpg"
      />
      <div>
        <h3>
          Lilyhammer
        </h3>
        <h4>
          (
          pt-BR
          )
        </h4>
      </div>
    </div>
    <div
      className="show-card sc-bdVaJa gYFnaI"
    >
      <img
        alt="Orange Is the New Black movie Poster"
        className="sc-bwzfXH cSKlVC"
        src="http://art.nflximg.net/d4825/24cfb0fe5d5d8ef1b0d3dc15d3fd98bc964d4825.jpg"
      />
      <div>
        <h3>
          Orange Is the New Black
        </h3>
        <h4>
          (
          es-ES
          )
        </h4>
      </div>
    </div>
    <div
      className="show-card sc-bdVaJa gYFnaI"
    >
      <img
        alt="Orange Is the New Black movie Poster"
        className="sc-bwzfXH cSKlVC"
        src="http://art.nflximg.net/916ba/1341ff0438e5b0417f79205e7e695732435916ba.jpg"
      />
      <div>
        <h3>
          Orange Is the New Black
        </h3>
        <h4>
          (
          tr
          )
        </h4>
      </div>
    </div>
    <div
      className="show-card sc-bdVaJa gYFnaI"
    >
      <img
        alt="Orange Is the New Black movie Poster"
        className="sc-bwzfXH cSKlVC"
        src="http://art.nflximg.net/057e0/901f6e307d27b4f391890f19bd44c46464f057e0.jpg"
      />
      <div>
        <h3>
          Orange Is the New Black
        </h3>
        <h4>
          (
          sv
          )
        </h4>
      </div>
    </div>
    <div
      className="show-card sc-bdVaJa gYFnaI"
    >
      <img
        alt="Marco Polo movie Poster"
        className="sc-bwzfXH cSKlVC"
        src="http://art.nflximg.net/78382/829aaf2768476ef32197e0a301e6a700f6878382.jpg"
      />
      <div>
        <h3>
          Marco Polo
        </h3>
        <h4>
          (
          zh-Hans
          )
        </h4>
      </div>
    </div>
    <div
      className="show-card sc-bdVaJa gYFnaI"
    >
      <img
        alt="Lilyhammer movie Poster"
        className="sc-bwzfXH cSKlVC"
        src="http://art.nflximg.net/b1a66/91cd2b172c6ed6c784741ac47ccde2d4242b1a66.jpg"
      />
      <div>
        <h3>
          Lilyhammer
        </h3>
        <h4>
          (
          en
          )
        </h4>
      </div>
    </div>
    <div
      className="show-card sc-bdVaJa gYFnaI"
    >
      <img
        alt="House of Cards movie Poster"
        className="sc-bwzfXH cSKlVC"
        src="http://art.nflximg.net/5c0aa/dbe5e390f38a26365c56835b784cd0654185c0aa.jpg"
      />
      <div>
        <h3>
          House of Cards
        </h3>
        <h4>
          (
          zh-Hans
          )
        </h4>
      </div>
    </div>
    <div
      className="show-card sc-bdVaJa gYFnaI"
    >
      <img
        alt="House of Cards movie Poster"
        className="sc-bwzfXH cSKlVC"
        src="http://art.nflximg.net/f9001/9a92f46d0d77bca4fc72fb25fbc25d037c9f9001.jpg"
      />
      <div>
        <h3>
          House of Cards
        </h3>
        <h4>
          (
          zh-Hant
          )
        </h4>
      </div>
    </div>
    <div
      className="show-card sc-bdVaJa gYFnaI"
    >
      <img
        alt="House of Cards movie Poster"
        className="sc-bwzfXH cSKlVC"
        src="http://art.nflximg.net/3c90a/e92a97e37d86ef0d847247a621d67eeaf203c90a.jpg"
      />
      <div>
        <h3>
          House of Cards
        </h3>
        <h4>
          (
          ko
          )
        </h4>
      </div>
    </div>
    <div
      className="show-card sc-bdVaJa gYFnaI"
    >
      <img
        alt="House of Cards movie Poster"
        className="sc-bwzfXH cSKlVC"
        src="http://art.nflximg.net/e1e89/607042077d25235ea43246411912e2ff902e1e89.jpg"
      />
      <div>
        <h3>
          House of Cards
        </h3>
        <h4>
          (
          ja
          )
        </h4>
      </div>
    </div>
    <div
      className="show-card sc-bdVaJa gYFnaI"
    >
      <img
        alt="House of Cards movie Poster"
        className="sc-bwzfXH cSKlVC"
        src="http://art.nflximg.net/ad334/8a48de9df717985664856a651a5e0edf407ad334.jpg"
      />
      <div>
        <h3>
          House of Cards
        </h3>
        <h4>
          (
          ja
          )
        </h4>
      </div>
    </div>
    <div
      className="show-card sc-bdVaJa gYFnaI"
    >
      <img
        alt="Lilyhammer movie Poster"
        className="sc-bwzfXH cSKlVC"
        src="http://art.nflximg.net/32059/8dd063cee36fdea2890b88ecf0685d8f1b132059.jpg"
      />
      <div>
        <h3>
          Lilyhammer
        </h3>
        <h4>
          (
          nl
          )
        </h4>
      </div>
    </div>
    <div
      className="show-card sc-bdVaJa gYFnaI"
    >
      <img
        alt="Orange Is the New Black movie Poster"
        className="sc-bwzfXH cSKlVC"
        src="http://art.nflximg.net/3fc2d/3f6ef152029145b13efcccbe105f9f6e4463fc2d.jpg"
      />
      <div>
        <h3>
          Orange Is the New Black
        </h3>
        <h4>
          (
          es
          )
        </h4>
      </div>
    </div>
    <div
      className="show-card sc-bdVaJa gYFnaI"
    >
      <img
        alt="Lilyhammer movie Poster"
        className="sc-bwzfXH cSKlVC"
        src="http://art.nflximg.net/f40ad/46824786a73cd42754502075cbebfb1addcf40ad.jpg"
      />
      <div>
        <h3>
          Lilyhammer
        </h3>
        <h4>
          (
          fr-CA
          )
        </h4>
      </div>
    </div>
    <div
      className="show-card sc-bdVaJa gYFnaI"
    >
      <img
        alt="Orange Is the New Black movie Poster"
        className="sc-bwzfXH cSKlVC"
        src="http://art.nflximg.net/2f937/732cddcab1643f721aa8fc3c60898103acc2f937.jpg"
      />
      <div>
        <h3>
          Orange Is the New Black
        </h3>
        <h4>
          (
          pt-BR
          )
        </h4>
      </div>
    </div>
    <div
      className="show-card sc-bdVaJa gYFnaI"
    >
      <img
        alt="Orange Is the New Black movie Poster"
        className="sc-bwzfXH cSKlVC"
        src="http://art.nflximg.net/c5001/644ccd082b9053522f6309ae173a0271c89c5001.jpg"
      />
      <div>
        <h3>
          Orange Is the New Black
        </h3>
        <h4>
          (
          pt
          )
        </h4>
      </div>
    </div>
    <div
      className="show-card sc-bdVaJa gYFnaI"
    >
      <img
        alt="Orange Is the New Black movie Poster"
        className="sc-bwzfXH cSKlVC"
        src="http://art.nflximg.net/0eeae/9fcde983b658f3b40b9efb8790a204c37570eeae.jpg"
      />
      <div>
        <h3>
          Orange Is the New Black
        </h3>
        <h4>
          (
          de
          )
        </h4>
      </div>
    </div>
    <div
      className="show-card sc-bdVaJa gYFnaI"
    >
      <img
        alt="Orange Is the New Black movie Poster"
        className="sc-bwzfXH cSKlVC"
        src="http://art.nflximg.net/9d7af/10a639b2efd0524d7df28af289abc691c0c9d7af.jpg"
      />
      <div>
        <h3>
          Orange Is the New Black
        </h3>
        <h4>
          (
          pt-BR
          )
        </h4>
      </div>
    </div>
    <div
      className="show-card sc-bdVaJa gYFnaI"
    >
      <img
        alt="House of Cards movie Poster"
        className="sc-bwzfXH cSKlVC"
        src="http://art.nflximg.net/d2e8b/c25343ab03d3eb410fa18cbf2188c2ee139d2e8b.jpg"
      />
      <div>
        <h3>
          House of Cards
        </h3>
        <h4>
          (
          fr-CA
          )
        </h4>
      </div>
    </div>
    <div
      className="show-card sc-bdVaJa gYFnaI"
    >
      <img
        alt="Marco Polo movie Poster"
        className="sc-bwzfXH cSKlVC"
        src="http://art.nflximg.net/cdba8/2e3986be759121496fb301ad5d4114fe29dcdba8.jpg"
      />
      <div>
        <h3>
          Marco Polo
        </h3>
        <h4>
          (
          it
          )
        </h4>
      </div>
    </div>
    <div
      className="show-card sc-bdVaJa gYFnaI"
    >
      <img
        alt="Marco Polo movie Poster"
        className="sc-bwzfXH cSKlVC"
        src="http://art.nflximg.net/f81a5/f27350d15f44e70e372df188251a35e47d6f81a5.jpg"
      />
      <div>
        <h3>
          Marco Polo
        </h3>
        <h4>
          (
          ja
          )
        </h4>
      </div>
    </div>
    <div
      className="show-card sc-bdVaJa gYFnaI"
    >
      <img
        alt="Marco Polo movie Poster"
        className="sc-bwzfXH cSKlVC"
        src="http://art.nflximg.net/6eda9/4f10a10507d82299324a23cd71cccd292ce6eda9.jpg"
      />
      <div>
        <h3>
          Marco Polo
        </h3>
        <h4>
          (
          fr-CA
          )
        </h4>
      </div>
    </div>
    <div
      className="show-card sc-bdVaJa gYFnaI"
    >
      <img
        alt="Marco Polo movie Poster"
        className="sc-bwzfXH cSKlVC"
        src="http://art.nflximg.net/a757f/a40cf4037ba6491ca2f16270b29a9b6c3e6a757f.jpg"
      />
      <div>
        <h3>
          Marco Polo
        </h3>
        <h4>
          (
          fr
          )
        </h4>
      </div>
    </div>
    <div
      className="show-card sc-bdVaJa gYFnaI"
    >
      <img
        alt="Marco Polo movie Poster"
        className="sc-bwzfXH cSKlVC"
        src="http://art.nflximg.net/103c4/1751c44b7b4d0ee7c107eb4a4ffa5cbdd40103c4.jpg"
      />
      <div>
        <h3>
          Marco Polo
        </h3>
        <h4>
          (
          de
          )
        </h4>
      </div>
    </div>
    <div
      className="show-card sc-bdVaJa gYFnaI"
    >
      <img
        alt="Marco Polo movie Poster"
        className="sc-bwzfXH cSKlVC"
        src="http://art.nflximg.net/86e1f/8cbce4164b1b825620987fd60e279456a6c86e1f.jpg"
      />
      <div>
        <h3>
          Marco Polo
        </h3>
        <h4>
          (
          zh-Hant
          )
        </h4>
      </div>
    </div>
    <div
      className="show-card sc-bdVaJa gYFnaI"
    >
      <img
        alt="Marco Polo movie Poster"
        className="sc-bwzfXH cSKlVC"
        src="http://art.nflximg.net/5ce1a/af5a8ec811c8c2da90a7967e1616fbb3c6a5ce1a.jpg"
      />
      <div>
        <h3>
          Marco Polo
        </h3>
        <h4>
          (
          it
          )
        </h4>
      </div>
    </div>
    <div
      className="show-card sc-bdVaJa gYFnaI"
    >
      <img
        alt="Marco Polo movie Poster"
        className="sc-bwzfXH cSKlVC"
        src="http://art.nflximg.net/2bce7/530fd87290bf627312b2f6f5538e348edcf2bce7.jpg"
      />
      <div>
        <h3>
          Marco Polo
        </h3>
        <h4>
          (
          es
          )
        </h4>
      </div>
    </div>
    <div
      className="show-card sc-bdVaJa gYFnaI"
    >
      <img
        alt="Marco Polo movie Poster"
        className="sc-bwzfXH cSKlVC"
        src="http://art.nflximg.net/1d4f9/019dcdb3d2851ead0e5882fcad844ab51411d4f9.jpg"
      />
      <div>
        <h3>
          Marco Polo
        </h3>
        <h4>
          (
          pt-BR
          )
        </h4>
      </div>
    </div>
    <div
      className="show-card sc-bdVaJa gYFnaI"
    >
      <img
        alt="Marco Polo movie Poster"
        className="sc-bwzfXH cSKlVC"
        src="http://art.nflximg.net/0899f/21786ad33a35f132e446ea27255332b70440899f.jpg"
      />
      <div>
        <h3>
          Marco Polo
        </h3>
        <h4>
          (
          ar
          )
        </h4>
      </div>
    </div>
    <div
      className="show-card sc-bdVaJa gYFnaI"
    >
      <img
        alt="Marco Polo movie Poster"
        className="sc-bwzfXH cSKlVC"
        src="http://art.nflximg.net/d17fe/83b217365cad904fc8aaeb6ecf4dd23b956d17fe.jpg"
      />
      <div>
        <h3>
          Marco Polo
        </h3>
        <h4>
          (
          en
          )
        </h4>
      </div>
    </div>
    <div
      className="show-card sc-bdVaJa gYFnaI"
    >
      <img
        alt="Marco Polo movie Poster"
        className="sc-bwzfXH cSKlVC"
        src="http://art.nflximg.net/90f60/f8294aa1b5da02edce1c6acb400629e57e790f60.jpg"
      />
      <div>
        <h3>
          Marco Polo
        </h3>
        <h4>
          (
          nl
          )
        </h4>
      </div>
    </div>
    <div
      className="show-card sc-bdVaJa gYFnaI"
    >
      <img
        alt="Marco Polo movie Poster"
        className="sc-bwzfXH cSKlVC"
        src="http://art.nflximg.net/1835e/490662617d2d4021890505f0186d46964b61835e.jpg"
      />
      <div>
        <h3>
          Marco Polo
        </h3>
        <h4>
          (
          da
          )
        </h4>
      </div>
    </div>
    <div
      className="show-card sc-bdVaJa gYFnaI"
    >
      <img
        alt="Marco Polo movie Poster"
        className="sc-bwzfXH cSKlVC"
        src="http://art.nflximg.net/5656a/3bbf89d807acb28ab0fcd22e3e2da57be585656a.jpg"
      />
      <div>
        <h3>
          Marco Polo
        </h3>
        <h4>
          (
          fi
          )
        </h4>
      </div>
    </div>
    <div
      className="show-card sc-bdVaJa gYFnaI"
    >
      <img
        alt="Marco Polo movie Poster"
        className="sc-bwzfXH cSKlVC"
        src="http://art.nflximg.net/6c98a/e4865d0f181665cff5f99301477fd2c36c16c98a.jpg"
      />
      <div>
        <h3>
          Marco Polo
        </h3>
        <h4>
          (
          nb
          )
        </h4>
      </div>
    </div>
    <div
      className="show-card sc-bdVaJa gYFnaI"
    >
      <img
        alt="Marco Polo movie Poster"
        className="sc-bwzfXH cSKlVC"
        src="http://art.nflximg.net/4bfef/0539f0defe8696fcd72e1b1866d004c62e54bfef.jpg"
      />
      <div>
        <h3>
          Marco Polo
        </h3>
        <h4>
          (
          sv
          )
        </h4>
      </div>
    </div>
    <div
      className="show-card sc-bdVaJa gYFnaI"
    >
      <img
        alt="Marco Polo movie Poster"
        className="sc-bwzfXH cSKlVC"
        src="http://art.nflximg.net/3105e/daede6bace46e008434d86e53fb7a9f14ce3105e.jpg"
      />
      <div>
        <h3>
          Marco Polo
        </h3>
        <h4>
          (
          pl
          )
        </h4>
      </div>
    </div>
    <div
      className="show-card sc-bdVaJa gYFnaI"
    >
      <img
        alt="Marco Polo movie Poster"
        className="sc-bwzfXH cSKlVC"
        src="http://art.nflximg.net/6c76a/b815596f7aa10ac25384dc71e8512ebf4346c76a.jpg"
      />
      <div>
        <h3>
          Marco Polo
        </h3>
        <h4>
          (
          pt
          )
        </h4>
      </div>
    </div>
    <div
      className="show-card sc-bdVaJa gYFnaI"
    >
      <img
        alt="Marco Polo movie Poster"
        className="sc-bwzfXH cSKlVC"
        src="http://art.nflximg.net/14f13/948e51fac56ef48cf957b138777cfb5852e14f13.jpg"
      />
      <div>
        <h3>
          Marco Polo
        </h3>
        <h4>
          (
          ko
          )
        </h4>
      </div>
    </div>
    <div
      className="show-card sc-bdVaJa gYFnaI"
    >
      <img
        alt="Marco Polo movie Poster"
        className="sc-bwzfXH cSKlVC"
        src="http://art.nflximg.net/0abe4/285157e9d1c2e31bf81f9dbc6d91343398d0abe4.jpg"
      />
      <div>
        <h3>
          Marco Polo
        </h3>
        <h4>
          (
          es-ES
          )
        </h4>
      </div>
    </div>
    <div
      className="show-card sc-bdVaJa gYFnaI"
    >
      <img
        alt="Marco Polo movie Poster"
        className="sc-bwzfXH cSKlVC"
        src="http://art.nflximg.net/b0a47/84a1ba4d1cf0b32d8dc1834fd73faaca6f7b0a47.jpg"
      />
      <div>
        <h3>
          Marco Polo
        </h3>
        <h4>
          (
          tr
          )
        </h4>
      </div>
    </div>
    <div
      className="show-card sc-bdVaJa gYFnaI"
    >
      <img
        alt="Marco Polo movie Poster"
        className="sc-bwzfXH cSKlVC"
        src="http://art.nflximg.net/68f79/abdcae281317dac711e85097350df625d1d68f79.jpg"
      />
      <div>
        <h3>
          Marco Polo
        </h3>
        <h4>
          (
          en
          )
        </h4>
      </div>
    </div>
    <div
      className="show-card sc-bdVaJa gYFnaI"
    >
      <img
        alt="Marco Polo movie Poster"
        className="sc-bwzfXH cSKlVC"
        src="http://art.nflximg.net/cc877/6400280e11a223bf1252d699495a303b692cc877.jpg"
      />
      <div>
        <h3>
          Marco Polo
        </h3>
        <h4>
          (
          es-ES
          )
        </h4>
      </div>
    </div>
    <div
      className="show-card sc-bdVaJa gYFnaI"
    >
      <img
        alt="Lilyhammer movie Poster"
        className="sc-bwzfXH cSKlVC"
        src="http://art.nflximg.net/652cd/4e776cb456e58005a8f88aa32b88c986933652cd.jpg"
      />
      <div>
        <h3>
          Lilyhammer
        </h3>
        <h4>
          (
          da
          )
        </h4>
      </div>
    </div>
    <div
      className="show-card sc-bdVaJa gYFnaI"
    >
      <img
        alt="Lilyhammer movie Poster"
        className="sc-bwzfXH cSKlVC"
        src="http://art.nflximg.net/2da16/067618e320a67d147e1cf2a5a036f0f6d052da16.jpg"
      />
      <div>
        <h3>
          Lilyhammer
        </h3>
        <h4>
          (
          en
          )
        </h4>
      </div>
    </div>
    <div
      className="show-card sc-bdVaJa gYFnaI"
    >
      <img
        alt="Lilyhammer movie Poster"
        className="sc-bwzfXH cSKlVC"
        src="http://art.nflximg.net/e4d12/bd176afe2549e8ba72a7be04993b21d2897e4d12.jpg"
      />
      <div>
        <h3>
          Lilyhammer
        </h3>
        <h4>
          (
          fi
          )
        </h4>
      </div>
    </div>
    <div
      className="show-card sc-bdVaJa gYFnaI"
    >
      <img
        alt="Lilyhammer movie Poster"
        className="sc-bwzfXH cSKlVC"
        src="http://art.nflximg.net/e8e45/4ccf26fe5fa68d7d1280e75d1cd0573e989e8e45.jpg"
      />
      <div>
        <h3>
          Lilyhammer
        </h3>
        <h4>
          (
          sv
          )
        </h4>
      </div>
    </div>
    <div
      className="show-card sc-bdVaJa gYFnaI"
    >
      <img
        alt="Lilyhammer movie Poster"
        className="sc-bwzfXH cSKlVC"
        src="http://art.nflximg.net/afac4/91e9379f5e2d9aeae1a0e2fc68e4589df9dafac4.jpg"
      />
      <div>
        <h3>
          Lilyhammer
        </h3>
        <h4>
          (
          nb
          )
        </h4>
      </div>
    </div>
    <div
      className="show-card sc-bdVaJa gYFnaI"
    >
      <img
        alt="House of Cards movie Poster"
        className="sc-bwzfXH cSKlVC"
        src="http://art.nflximg.net/4c4c1/43f3335b88331c0c44770da408bcecf9d5a4c4c1.jpg"
      />
      <div>
        <h3>
          House of Cards
        </h3>
        <h4>
          (
          en
          )
        </h4>
      </div>
    </div>
    <div
      className="show-card sc-bdVaJa gYFnaI"
    >
      <img
        alt="Lilyhammer movie Poster"
        className="sc-bwzfXH cSKlVC"
        src="http://art.nflximg.net/21b23/e40a095b9f3feda9809a422bf8067db115c21b23.jpg"
      />
      <div>
        <h3>
          Lilyhammer
        </h3>
        <h4>
          (
          pl
          )
        </h4>
      </div>
    </div>
    <div
      className="show-card sc-bdVaJa gYFnaI"
    >
      <img
        alt="Orange Is the New Black movie Poster"
        className="sc-bwzfXH cSKlVC"
        src="http://art.nflximg.net/31807/a0cea2bdebee507dbda7a4719d0b05b5a9631807.jpg"
      />
      <div>
        <h3>
          Orange Is the New Black
        </h3>
        <h4>
          (
          da
          )
        </h4>
      </div>
    </div>
    <div
      className="show-card sc-bdVaJa gYFnaI"
    >
      <img
        alt="Orange Is the New Black movie Poster"
        className="sc-bwzfXH cSKlVC"
        src="http://art.nflximg.net/089cf/e742350e64bb5e4a4bc29a65c85047742b9089cf.jpg"
      />
      <div>
        <h3>
          Orange Is the New Black
        </h3>
        <h4>
          (
          zh-Hant
          )
        </h4>
      </div>
    </div>
    <div
      className="show-card sc-bdVaJa gYFnaI"
    >
      <img
        alt="House of Cards movie Poster"
        className="sc-bwzfXH cSKlVC"
        src="http://art.nflximg.net/4fe99/3d9bb67e485e3f39fd2d08b1a7a6e42a9454fe99.jpg"
      />
      <div>
        <h3>
          House of Cards
        </h3>
        <h4>
          (
          ar
          )
        </h4>
      </div>
    </div>
    <div
      className="show-card sc-bdVaJa gYFnaI"
    >
      <img
        alt="Arrested Development movie Poster"
        className="sc-bwzfXH cSKlVC"
        src="http://art.nflximg.net/f76d4/1a4ad6eb93a289b0461d4f85738669be70ef76d4.jpg"
      />
      <div>
        <h3>
          Arrested Development
        </h3>
        <h4>
          (
          nl
          )
        </h4>
      </div>
    </div>
    <div
      className="show-card sc-bdVaJa gYFnaI"
    >
      <img
        alt="Arrested Development movie Poster"
        className="sc-bwzfXH cSKlVC"
        src="http://art.nflximg.net/25288/ba005e4a5887de9df7168f95e0fb1f0b89d25288.jpg"
      />
      <div>
        <h3>
          Arrested Development
        </h3>
        <h4>
          (
          fi
          )
        </h4>
      </div>
    </div>
    <div
      className="show-card sc-bdVaJa gYFnaI"
    >
      <img
        alt="Arrested Development movie Poster"
        className="sc-bwzfXH cSKlVC"
        src="http://art.nflximg.net/c05d6/567b2bd5d30838d9d38c66bd7642be0beebc05d6.jpg"
      />
      <div>
        <h3>
          Arrested Development
        </h3>
        <h4>
          (
          es
          )
        </h4>
      </div>
    </div>
    <div
      className="show-card sc-bdVaJa gYFnaI"
    >
      <img
        alt="Arrested Development movie Poster"
        className="sc-bwzfXH cSKlVC"
        src="http://art.nflximg.net/411a6/fcd75d49ff1a0cd8728e3cf99b9e2fc0f03411a6.jpg"
      />
      <div>
        <h3>
          Arrested Development
        </h3>
        <h4>
          (
          pt-BR
          )
        </h4>
      </div>
    </div>
    <div
      className="show-card sc-bdVaJa gYFnaI"
    >
      <img
        alt="Arrested Development movie Poster"
        className="sc-bwzfXH cSKlVC"
        src="http://art.nflximg.net/6b043/5e114a2fe1cbc93036cbd1de8337319a6756b043.jpg"
      />
      <div>
        <h3>
          Arrested Development
        </h3>
        <h4>
          (
          fr-CA
          )
        </h4>
      </div>
    </div>
    <div
      className="show-card sc-bdVaJa gYFnaI"
    >
      <img
        alt="Arrested Development movie Poster"
        className="sc-bwzfXH cSKlVC"
        src="http://art.nflximg.net/fd9d0/1d6d5475511a67e322f7c8a56f1d9844982fd9d0.jpg"
      />
      <div>
        <h3>
          Arrested Development
        </h3>
        <h4>
          (
          sv
          )
        </h4>
      </div>
    </div>
    <div
      className="show-card sc-bdVaJa gYFnaI"
    >
      <img
        alt="Arrested Development movie Poster"
        className="sc-bwzfXH cSKlVC"
        src="http://art.nflximg.net/f517a/b49c539bd808ec1cfc6634a34a44085a192f517a.jpg"
      />
      <div>
        <h3>
          Arrested Development
        </h3>
        <h4>
          (
          en
          )
        </h4>
      </div>
    </div>
    <div
      className="show-card sc-bdVaJa gYFnaI"
    >
      <img
        alt="Arrested Development movie Poster"
        className="sc-bwzfXH cSKlVC"
        src="http://art.nflximg.net/6462b/f932f956c351bc262b7b8f29efa852838ee6462b.jpg"
      />
      <div>
        <h3>
          Arrested Development
        </h3>
        <h4>
          (
          da
          )
        </h4>
      </div>
    </div>
    <div
      className="show-card sc-bdVaJa gYFnaI"
    >
      <img
        alt="Arrested Development movie Poster"
        className="sc-bwzfXH cSKlVC"
        src="http://art.nflximg.net/7fdeb/69394e8ba2cff7cc6f6e60e8ff1e7ec52a87fdeb.jpg"
      />
      <div>
        <h3>
          Arrested Development
        </h3>
        <h4>
          (
          nb
          )
        </h4>
      </div>
    </div>
    <div
      className="show-card sc-bdVaJa gYFnaI"
    >
      <img
        alt="House of Cards movie Poster"
        className="sc-bwzfXH cSKlVC"
        src="http://art.nflximg.net/89179/bdfeaa7f44ac5a648d568385ceae90f6bd889179.jpg"
      />
      <div>
        <h3>
          House of Cards
        </h3>
        <h4>
          (
          fr-CA
          )
        </h4>
      </div>
    </div>
    <div
      className="show-card sc-bdVaJa gYFnaI"
    >
      <img
        alt="House of Cards movie Poster"
        className="sc-bwzfXH cSKlVC"
        src="http://art.nflximg.net/c22de/b8c4d63322f4a0e543cdce5d5cccdfc5cb0c22de.jpg"
      />
      <div>
        <h3>
          House of Cards
        </h3>
        <h4>
          (
          en
          )
        </h4>
      </div>
    </div>
    <div
      className="show-card sc-bdVaJa gYFnaI"
    >
      <img
        alt="House of Cards movie Poster"
        className="sc-bwzfXH cSKlVC"
        src="http://art.nflximg.net/ca6c6/379eb0f0fd643ceef23ce3ce47199042d05ca6c6.jpg"
      />
      <div>
        <h3>
          House of Cards
        </h3>
        <h4>
          (
          fr
          )
        </h4>
      </div>
    </div>
    <div
      className="show-card sc-bdVaJa gYFnaI"
    >
      <img
        alt="House of Cards movie Poster"
        className="sc-bwzfXH cSKlVC"
        src="http://art.nflximg.net/3ad9e/93a59f8166aa711a1e3a41a63f3b6f311093ad9e.jpg"
      />
      <div>
        <h3>
          House of Cards
        </h3>
        <h4>
          (
          es
          )
        </h4>
      </div>
    </div>
    <div
      className="show-card sc-bdVaJa gYFnaI"
    >
      <img
        alt="House of Cards movie Poster"
        className="sc-bwzfXH cSKlVC"
        src="http://art.nflximg.net/e1e02/b400b774f35c1f9402c32ad1d1f13b6935fe1e02.jpg"
      />
      <div>
        <h3>
          House of Cards
        </h3>
        <h4>
          (
          pt-BR
          )
        </h4>
      </div>
    </div>
    <div
      className="show-card sc-bdVaJa gYFnaI"
    >
      <img
        alt="House of Cards movie Poster"
        className="sc-bwzfXH cSKlVC"
        src="http://art.nflximg.net/f75c8/e15973bff1ef0bb7c936bd36c44dd86998ef75c8.jpg"
      />
      <div>
        <h3>
          House of Cards
        </h3>
        <h4>
          (
          nl
          )
        </h4>
      </div>
    </div>
    <div
      className="show-card sc-bdVaJa gYFnaI"
    >
      <img
        alt="House of Cards movie Poster"
        className="sc-bwzfXH cSKlVC"
        src="http://art.nflximg.net/03675/57a622425dc25040952ed4881127c54a30a03675.jpg"
      />
      <div>
        <h3>
          House of Cards
        </h3>
        <h4>
          (
          da
          )
        </h4>
      </div>
    </div>
    <div
      className="show-card sc-bdVaJa gYFnaI"
    >
      <img
        alt="House of Cards movie Poster"
        className="sc-bwzfXH cSKlVC"
        src="http://art.nflximg.net/19e5a/15b6625c11b23736868814fa83be87e950b19e5a.jpg"
      />
      <div>
        <h3>
          House of Cards
        </h3>
        <h4>
          (
          fi
          )
        </h4>
      </div>
    </div>
    <div
      className="show-card sc-bdVaJa gYFnaI"
    >
      <img
        alt="House of Cards movie Poster"
        className="sc-bwzfXH cSKlVC"
        src="http://art.nflximg.net/7519e/981211d1ba39e368efdf6cafd231a078ede7519e.jpg"
      />
      <div>
        <h3>
          House of Cards
        </h3>
        <h4>
          (
          nb
          )
        </h4>
      </div>
    </div>
    <div
      className="show-card sc-bdVaJa gYFnaI"
    >
      <img
        alt="House of Cards movie Poster"
        className="sc-bwzfXH cSKlVC"
        src="http://art.nflximg.net/073af/bd752523cbb4d9b77bb0a1dcdeede4ea365073af.jpg"
      />
      <div>
        <h3>
          House of Cards
        </h3>
        <h4>
          (
          sv
          )
        </h4>
      </div>
    </div>
    <div
      className="show-card sc-bdVaJa gYFnaI"
    >
      <img
        alt="House of Cards movie Poster"
        className="sc-bwzfXH cSKlVC"
        src="http://art.nflximg.net/e4e83/bf3a818317a841e491792dac367ce3179d6e4e83.jpg"
      />
      <div>
        <h3>
          House of Cards
        </h3>
        <h4>
          (
          pt
          )
        </h4>
      </div>
    </div>
    <div
      className="show-card sc-bdVaJa gYFnaI"
    >
      <img
        alt="House of Cards movie Poster"
        className="sc-bwzfXH cSKlVC"
        src="http://art.nflximg.net/17da9/b9a428186a6e39ff626e65cae87fc12928f17da9.jpg"
      />
      <div>
        <h3>
          House of Cards
        </h3>
        <h4>
          (
          en
          )
        </h4>
      </div>
    </div>
    <div
      className="show-card sc-bdVaJa gYFnaI"
    >
      <img
        alt="House of Cards movie Poster"
        className="sc-bwzfXH cSKlVC"
        src="http://art.nflximg.net/7af29/0640e1f8f18b53b5f568a3bfc1d7150eaa87af29.jpg"
      />
      <div>
        <h3>
          House of Cards
        </h3>
        <h4>
          (
          es
          )
        </h4>
      </div>
    </div>
    <div
      className="show-card sc-bdVaJa gYFnaI"
    >
      <img
        alt="Orange Is the New Black movie Poster"
        className="sc-bwzfXH cSKlVC"
        src="http://art.nflximg.net/53d0b/cbf9b71a4241888d47d054739cd40cbfd5353d0b.jpg"
      />
      <div>
        <h3>
          Orange Is the New Black
        </h3>
        <h4>
          (
          nb
          )
        </h4>
      </div>
    </div>
    <div
      className="show-card sc-bdVaJa gYFnaI"
    >
      <img
        alt="House of Cards movie Poster"
        className="sc-bwzfXH cSKlVC"
        src="http://art.nflximg.net/c36cd/9b49b6e7d7ce601b97b49d681aac33a181bc36cd.jpg"
      />
      <div>
        <h3>
          House of Cards
        </h3>
        <h4>
          (
          ko
          )
        </h4>
      </div>
    </div>
    <div
      className="show-card sc-bdVaJa gYFnaI"
    >
      <img
        alt="Orange Is the New Black movie Poster"
        className="sc-bwzfXH cSKlVC"
        src="http://art.nflximg.net/1a171/f33b743f6c3c6b613f1027db0f17e41598b1a171.jpg"
      />
      <div>
        <h3>
          Orange Is the New Black
        </h3>
        <h4>
          (
          zh-Hans
          )
        </h4>
      </div>
    </div>
    <div
      className="show-card sc-bdVaJa gYFnaI"
    >
      <img
        alt="Lilyhammer movie Poster"
        className="sc-bwzfXH cSKlVC"
        src="http://art.nflximg.net/d9b03/6eaddb8bedac6e3b1cd6766abdb320fb08dd9b03.jpg"
      />
      <div>
        <h3>
          Lilyhammer
        </h3>
        <h4>
          (
          tr
          )
        </h4>
      </div>
    </div>
    <div
      className="show-card sc-bdVaJa gYFnaI"
    >
      <img
        alt="Marco Polo movie Poster"
        className="sc-bwzfXH cSKlVC"
        src="http://art.nflximg.net/e95f4/25ee7765718b7083eed6b17688c18e51cebe95f4.jpg"
      />
      <div>
        <h3>
          Marco Polo
        </h3>
        <h4>
          (
          pt
          )
        </h4>
      </div>
    </div>
    <div
      className="show-card sc-bdVaJa gYFnaI"
    >
      <img
        alt="Orange Is the New Black movie Poster"
        className="sc-bwzfXH cSKlVC"
        src="http://art.nflximg.net/3f3d1/89a07ce7e383598483c8a0772a1957fa2463f3d1.jpg"
      />
      <div>
        <h3>
          Orange Is the New Black
        </h3>
        <h4>
          (
          en
          )
        </h4>
      </div>
    </div>
    <div
      className="show-card sc-bdVaJa gYFnaI"
    >
      <img
        alt="Orange Is the New Black movie Poster"
        className="sc-bwzfXH cSKlVC"
        src="http://art.nflximg.net/f5498/9986dcfb65ee6cab61ac6705835e7fe3268f5498.jpg"
      />
      <div>
        <h3>
          Orange Is the New Black
        </h3>
        <h4>
          (
          pt-BR
          )
        </h4>
      </div>
    </div>
    <div
      className="show-card sc-bdVaJa gYFnaI"
    >
      <img
        alt="House of Cards movie Poster"
        className="sc-bwzfXH cSKlVC"
        src="http://art.nflximg.net/583b6/f1c23923db0ac1990cd433bb0f19c05f0d2583b6.jpg"
      />
      <div>
        <h3>
          House of Cards
        </h3>
        <h4>
          (
          pl
          )
        </h4>
      </div>
    </div>
    <div
      className="show-card sc-bdVaJa gYFnaI"
    >
      <img
        alt="Orange Is the New Black movie Poster"
        className="sc-bwzfXH cSKlVC"
        src="http://art.nflximg.net/a689f/40436d3e72d94563ef7cf255226b530386ba689f.jpg"
      />
      <div>
        <h3>
          Orange Is the New Black
        </h3>
        <h4>
          (
          pl
          )
        </h4>
      </div>
    </div>
    <div
      className="show-card sc-bdVaJa gYFnaI"
    >
      <img
        alt="Orange Is the New Black movie Poster"
        className="sc-bwzfXH cSKlVC"
        src="http://art.nflximg.net/40ec6/a7db3b9ab4870e760418c142d4c7e46a6e340ec6.jpg"
      />
      <div>
        <h3>
          Orange Is the New Black
        </h3>
        <h4>
          (
          ko
          )
        </h4>
      </div>
    </div>
    <div
      className="show-card sc-bdVaJa gYFnaI"
    >
      <img
        alt="House of Cards movie Poster"
        className="sc-bwzfXH cSKlVC"
        src="http://art.nflximg.net/a9d0d/c8d8c2375f3f897ef6bbd0b743b5be2ccd3a9d0d.jpg"
      />
      <div>
        <h3>
          House of Cards
        </h3>
        <h4>
          (
          fr
          )
        </h4>
      </div>
    </div>
    <div
      className="show-card sc-bdVaJa gYFnaI"
    >
      <img
        alt="House of Cards movie Poster"
        className="sc-bwzfXH cSKlVC"
        src="http://art.nflximg.net/2e75f/7fbe7c5156450c51a2ed538839312ac138e2e75f.jpg"
      />
      <div>
        <h3>
          House of Cards
        </h3>
        <h4>
          (
          fr-CA
          )
        </h4>
      </div>
    </div>
    <div
      className="show-card sc-bdVaJa gYFnaI"
    >
      <img
        alt="House of Cards movie Poster"
        className="sc-bwzfXH cSKlVC"
        src="http://art.nflximg.net/f3070/ed703ff3fd417c0259e3f2619e92c0d9be7f3070.jpg"
      />
      <div>
        <h3>
          House of Cards
        </h3>
        <h4>
          (
          nb
          )
        </h4>
      </div>
    </div>
    <div
      className="show-card sc-bdVaJa gYFnaI"
    >
      <img
        alt="House of Cards movie Poster"
        className="sc-bwzfXH cSKlVC"
        src="http://art.nflximg.net/88308/2ee29b40ffc8e73a0d33eac3c0459dce0b988308.jpg"
      />
      <div>
        <h3>
          House of Cards
        </h3>
        <h4>
          (
          nl
          )
        </h4>
      </div>
    </div>
    <div
      className="show-card sc-bdVaJa gYFnaI"
    >
      <img
        alt="House of Cards movie Poster"
        className="sc-bwzfXH cSKlVC"
        src="http://art.nflximg.net/541e9/1a5737412495c285d44b388feb8ea56a76c541e9.jpg"
      />
      <div>
        <h3>
          House of Cards
        </h3>
        <h4>
          (
          de
          )
        </h4>
      </div>
    </div>
    <div
      className="show-card sc-bdVaJa gYFnaI"
    >
      <img
        alt="House of Cards movie Poster"
        className="sc-bwzfXH cSKlVC"
        src="http://art.nflximg.net/8e58f/87604ba4baac35035a0021c2d07e8fce5f58e58f.jpg"
      />
      <div>
        <h3>
          House of Cards
        </h3>
        <h4>
          (
          da
          )
        </h4>
      </div>
    </div>
    <div
      className="show-card sc-bdVaJa gYFnaI"
    >
      <img
        alt="House of Cards movie Poster"
        className="sc-bwzfXH cSKlVC"
        src="http://art.nflximg.net/0b270/5beffa0e80af37f1fd089929ed96f14ce680b270.jpg"
      />
      <div>
        <h3>
          House of Cards
        </h3>
        <h4>
          (
          fi
          )
        </h4>
      </div>
    </div>
    <div
      className="show-card sc-bdVaJa gYFnaI"
    >
      <img
        alt="House of Cards movie Poster"
        className="sc-bwzfXH cSKlVC"
        src="http://art.nflximg.net/2a693/1cdd54ccc0784f8f8b6878701eca5261c122a693.jpg"
      />
      <div>
        <h3>
          House of Cards
        </h3>
        <h4>
          (
          sv
          )
        </h4>
      </div>
    </div>
    <div
      className="show-card sc-bdVaJa gYFnaI"
    >
      <img
        alt="House of Cards movie Poster"
        className="sc-bwzfXH cSKlVC"
        src="http://art.nflximg.net/3a01b/1df9d82acd0b1a844a7554be6b53ed8e9ed3a01b.jpg"
      />
      <div>
        <h3>
          House of Cards
        </h3>
        <h4>
          (
          en
          )
        </h4>
      </div>
    </div>
    <div
      className="show-card sc-bdVaJa gYFnaI"
    >
      <img
        alt="Orange Is the New Black movie Poster"
        className="sc-bwzfXH cSKlVC"
        src="http://art.nflximg.net/69850/c523a17e91486c70b55052bcd73c9b8617469850.jpg"
      />
      <div>
        <h3>
          Orange Is the New Black
        </h3>
        <h4>
          (
          ja
          )
        </h4>
      </div>
    </div>
    <div
      className="show-card sc-bdVaJa gYFnaI"
    >
      <img
        alt="House of Cards movie Poster"
        className="sc-bwzfXH cSKlVC"
        src="http://art.nflximg.net/00b45/7c35afaa4dc03744600e7becb4ad718c14e00b45.jpg"
      />
      <div>
        <h3>
          House of Cards
        </h3>
        <h4>
          (
          es
          )
        </h4>
      </div>
    </div>
    <div
      className="show-card sc-bdVaJa gYFnaI"
    >
      <img
        alt="House of Cards movie Poster"
        className="sc-bwzfXH cSKlVC"
        src="http://art.nflximg.net/5f605/a945064ebc1430438d7570b1809612966315f605.jpg"
      />
      <div>
        <h3>
          House of Cards
        </h3>
        <h4>
          (
          pt-BR
          )
        </h4>
      </div>
    </div>
    <div
      className="show-card sc-bdVaJa gYFnaI"
    >
      <img
        alt="Marco Polo movie Poster"
        className="sc-bwzfXH cSKlVC"
        src="http://art.nflximg.net/c1200/b331173837446cf3e4cbed87b20d732e503c1200.jpg"
      />
      <div>
        <h3>
          Marco Polo
        </h3>
        <h4>
          (
          zh-Hans
          )
        </h4>
      </div>
    </div>
    <div
      className="show-card sc-bdVaJa gYFnaI"
    >
      <img
        alt="House of Cards movie Poster"
        className="sc-bwzfXH cSKlVC"
        src="http://art.nflximg.net/970a9/6b5a184106b8e6a88a8e8b5ecabc2dfd715970a9.jpg"
      />
      <div>
        <h3>
          House of Cards
        </h3>
        <h4>
          (
          es
          )
        </h4>
      </div>
    </div>
    <div
      className="show-card sc-bdVaJa gYFnaI"
    >
      <img
        alt="House of Cards movie Poster"
        className="sc-bwzfXH cSKlVC"
        src="http://art.nflximg.net/77174/d864898dbddf59235850dfdbbdd69a1e0d677174.jpg"
      />
      <div>
        <h3>
          House of Cards
        </h3>
        <h4>
          (
          en
          )
        </h4>
      </div>
    </div>
    <div
      className="show-card sc-bdVaJa gYFnaI"
    >
      <img
        alt="House of Cards movie Poster"
        className="sc-bwzfXH cSKlVC"
        src="http://art.nflximg.net/29431/c6bad706155b1e543afb4ea875ae0ad136029431.jpg"
      />
      <div>
        <h3>
          House of Cards
        </h3>
        <h4>
          (
          ar
          )
        </h4>
      </div>
    </div>
  </div>
</div>
`;
